[Bootstrap]
SetupTitle=Install
SetupText=Copying Files, please stand by.
CabFile=VBFore.CAB
Spawn=Setup1.exe
Uninstal=st6unst.exe
TmpDir=msftqws.pdw
Cabs=1

[Bootstrap Files]
File1=@VB6STKIT.DLL,$(WinSysPathSysFile),,,3/25/99 11:00:00 PM,101888,6.0.84.50
File2=@COMCAT.DLL,$(WinSysPathSysFile),$(DLLSelfRegister),,5/30/98 11:00:00 PM,22288,4.71.1460.1
File3=@MSVCRT40.DLL,$(WinSysPathSysFile),,,2/7/99 11:00:00 PM,326656,4.22.0.0
File4=@OLEPRO32.DLL,$(WinSysPathSysFile),$(DLLSelfRegister),,3/8/99 11:02:26 AM,164112,5.0.4275.1
File5=@STDOLE2.TLB,$(WinSysPathSysFile),$(TLBRegister),,3/8/99 11:02:26 AM,17920,2.40.4275.1
File6=@ASYCFILT.DLL,$(WinSysPathSysFile),,,3/8/99 11:02:26 AM,147728,2.40.4275.1
File7=@OLEAUT32.DLL,$(WinSysPathSysFile),$(DLLSelfRegister),,3/8/99 11:02:26 AM,598288,2.40.4275.1
File8=@MSVBVM60.DLL,$(WinSysPathSysFile),$(DLLSelfRegister),,5/9/99 11:00:00 PM,1384448,6.0.84.95

[IconGroups]
Group0=$(Programs)
PrivateGroup0=True
Parent0=

[$(Programs)]
Icon1="WinFore.exe"
Title1=Winfore
StartIn1=$(AppPath)

[Setup]
Title=Winfore
DefaultDir=$(ProgramFiles)\VBFore
AppExe=VBFore.exe
AppToUninstall=VBFore.exe

[Setup1 Files]
File1=@MSXBDE40.DLL,$(WinSysPathSysFile),$(DLLSelfRegister),,6/3/99 12:00:00 AM,229648,4.0.2927.2
File2=@MSTEXT40.DLL,$(WinSysPathSysFile),$(DLLSelfRegister),,6/3/99 12:00:00 AM,241936,4.0.2927.2
File3=@MSEXCL40.DLL,$(WinSysPathSysFile),$(DLLSelfRegister),,6/3/99 12:00:00 AM,311568,4.0.2927.2
File4=@OC30.DLL,$(WinSysPath),$(DLLSelfRegister),$(Shared),1/28/97 2:12:48 PM,640512,3.20.0.0
File5=@WinFore.exe,$(AppPath),,,1/20/00 5:12:58 PM,352256,2.1.0.0
File6=@VCReport.exe,$(AppPath),,,12/14/99 4:11:56 PM,212992,2.1.0.0
File7=@VCMine.exe,$(AppPath),,,12/14/99 4:12:50 PM,65536,2.1.0.0
File8=@COMDLG32.OCX,$(WinSysPath),$(DLLSelfRegister),$(Shared),5/6/99 11:00:00 PM,140288,6.0.84.18
File9=@ssprn32.dll,$(WinSysPath),$(DLLSelfRegister),$(Shared),5/6/98 2:59:56 PM,72192,1.0.0.34
File10=@ssmedt32.dll,$(WinSysPath),$(DLLSelfRegister),$(Shared),10/26/98 11:07:46 AM,72192,1.0.0.38
File11=@MSVCRT.DLL,$(WinSysPathSysFile),,,2/1/99 11:00:00 PM,266293,6.0.8397.0
File12=@MFC42.DLL,$(WinSysPathSysFile),$(DLLSelfRegister),,4/26/99 11:00:00 PM,995383,6.0.8447.0
File13=@ssdw3b32.ocx,$(WinSysPath),$(DLLSelfRegister),$(Shared),11/10/98 4:52:00 PM,850200,3.1.1.5
File14=@ssdw3a32.ocx,$(WinSysPath),$(DLLSelfRegister),$(Shared),11/5/98 11:38:52 AM,555800,3.1.1.2
File15=@VCF132.OCX,$(AppPath),$(DLLSelfRegister),,8/26/99 1:27:25 PM,637952,3.0.3.2
File16=@MFC40.DLL,$(WinSysPathSysFile),$(DLLSelfRegister),,2/6/99 11:00:00 PM,924432,4.1.0.6140
File17=@threed32.ocx,$(WinSysPath),$(DLLSelfRegister),$(Shared),1/11/96 11:00:00 PM,200704,1.0.41.0
File18=@SSCALA32.OCX,$(WinSysPath),$(DLLSelfRegister),$(Shared),8/1/95 11:00:00 PM,500224,1.0.0.1
File19=@MSCOMCTL.OCX,$(WinSysPath),$(DLLSelfRegister),$(Shared),5/12/99 11:00:00 PM,1064456,6.0.84.98
File20=@VB5DB.DLL,$(WinSysPath),,$(Shared),6/17/98 11:00:00 PM,89360,6.0.81.69
File21=@MSJTES40.DLL,$(WinSysPathSysFile),$(DLLSelfRegister),,6/3/99 12:00:00 AM,237840,4.0.2927.2
File22=@MSREPL40.DLL,$(WinSysPathSysFile),,,6/3/99 12:00:00 AM,553232,4.0.2927.2
File23=@MSRD3X40.DLL,$(WinSysPathSysFile),$(DLLSelfRegister),,6/3/99 12:00:00 AM,315664,4.0.2927.2
File24=@MSRD2X40.DLL,$(WinSysPathSysFile),$(DLLSelfRegister),,6/3/99 12:00:00 AM,422160,4.0.2927.2
File25=@MSWDAT10.DLL,$(WinSysPathSysFile),,,6/3/99 12:00:00 AM,831760,4.0.2927.2
File26=@MSWSTR10.DLL,$(WinSysPathSysFile),,,6/3/99 12:00:00 AM,614672,4.0.2927.2
File27=@EXPSRV.DLL,$(WinSysPathSysFile),,,4/13/99 11:00:00 PM,379152,6.0.0.8269
File28=@VBAJET32.DLL,$(WinSysPathSysFile),,,1/21/99 11:00:00 PM,30992,6.0.1.8268
File29=@MSJINT40.DLL,$(WinSysPathSysFile),,,6/3/99 12:00:00 AM,151824,4.0.2927.2
File30=@MSJTER40.DLL,$(WinSysPathSysFile),,,6/3/99 12:00:00 AM,53520,4.0.2927.2
File31=@MSJET40.DLL,$(WinSysPathSysFile),$(DLLSelfRegister),,6/3/99 12:00:00 AM,1495312,4.0.2927.2
File32=@DAO360.DLL,$(MSDAOPath),$(DLLSelfRegister),$(Shared),3/14/99 11:00:00 PM,557328,3.60.2521.8
File33=@VBFore.exe,$(AppPath),$(EXESelfRegister),,1/5/00 4:37:17 PM,548864,1.0.0.0

; The following lines may be deleted in order to obtain extra 
; space for customizing this file on a full installation diskette.
; 
; XXXXXXXXXXXXXXXXXXXXXXXXXXXXXXXXXXXXXXXXXXXXXXXXXXXXXXXXXXXX
; XXXXXXXXXXXXXXXXXXXXXXXXXXXXXXXXXXXXXXXXXXXXXXXXXXXXXXXXXXXX
; XXXXXXXXXXXXXXXXXXXXXXXXXXXXXXXXXXXXXXXXXXXXXXXXXXXXXXXXXXXX
; XXXXXXXXXXXXXXXXXXXXXXXXXXXXXXXXXXXXXXXXXXXXXXXXXXXXXXXXXXXX
; XXXXXXXXXXXXXXXXXXXXXXXXXXXXXXXXXXXXXXXXXXXXXXXXXXXXXXXXXXXX
; XXXXXXXXXXXXXXXXXXXXXXXXXXXXXXXXXXXXXXXXXXXXXXXXXXXXXXXXXXXX
; XXXXXXXXXXXXXXXXXXXXXXXXXXXXXXXXXXXXXXXXXXXXXXXXXXXXXXXXXXXX
; XXXXXXXXXXXXXXXXXXXXXXXXXXXXXXXXXXXXXXXXXXXXXXXXXXXXXXXXXXXX
; XXXXXXXXXXXXXXXXXXXXXXXXXXXXXXXXXXXXXXXXXXXXXXXXXXXXXXXXXXXX
; XXXXXXXXXXXXXXXXXXXXXXXXXXXXXXXXXXXXXXXXXXXXXXXXXXXXXXXXXXXX
; XXXXXXXXXXXXXXXXXXXXXXXXXXXXXXXXXXXXXXXXXXXXXXXXXXXXXXXXXXXX
; XXXXXXXXXXXXXXXXXXXXXXXXXXXXXXXXXXXXXXXXXXXXXXXXXXXXXXXXXXXX
; XXXXXXXXXXXXXXXXXXXXXXXXXXXXXXXXXXXXXXXXXXXXXXXXXXXXXXXXXXXX
; XXXXXXXXXXXXXXXXXXXXXXXXXXXXXXXXXXXXXXXXXXXXXXXXXXXXXXXXXXXX
; XXXXXXXXXXXXXXXXXXXXXXXXXXXXXXXXXXXXXXXXXXXXXXXXXXXXXXXXXXXX
; XXXXXXXXXXXXXXXXXXXXXXXXXXXXXXXXXXXXXXXXXXXXXXXXXXXXXXXXXXXX
; XXXXXXXXXXXXXXXXXXXXXXXXXXXXXXXXXXXXXXXXXXXXXXXXXXXXXXXXXXXX
; XXXXXXXXXXXXXXXXXXXXXXXXXXXXXXXXXXXXXXXXXXXXXXXXXXXXXXXXXXXX
; XXXXXXXXXXXXXXXXXXXXXXXXXXXXXXXXXXXXXXXXXXXXXXXXXXXXXXXXXXXX
; XXXXXXXXXXXXXXXXXXXXXXXXXXXXXXXXXXXXXXXXXXXXXXXXXXXXXXXXXXXX
; XXXXXXXXXXXXXXXXXXXXXXXXXXXXXXXXXXXXXXXXXXXXXXXXXXXXXXXXXXXX
; XXXXXXXXXXXXXXXXXXXXXXXXXXXXXXXXXXXXXXXXXXXXXXXXXXXXXXXXXXXX
; XXXXXXXXXXXXXXXXXXXXXXXXXXXXXXXXXXXXXXXXXXXXXXXXXXXXXXXXXXXX
; XXXXXXXXXXXXXXXXXXXXXXXXXXXXXXXXXXXXXXXXXXXXXXXXXXXXXXXXXXXX
; XXXXXXXXXXXXXXXXXXXXXXXXXXXXXXXXXXXXXXXXXXXXXXXXXXXXXXXXXXXX
; XXXXXXXXXXXXXXXXXXXXXXXXXXXXXXXXXXXXXXXXXXXXXXXXXXXXXXXXXXXX
; XXXXXXXXXXXXXXXXXXXXXXXXXXXXXXXXXXXXXXXXXXXXXXXXXXXXXXXXXXXX
; XXXXXXXXXXXXXXXXXXXXXXXXXXXXXXXXXXXXXXXXXXXXXXXXXXXXXXXXXXXX
; XXXXXXXXXXXXXXXXXXXXXXXXXXXXXXXXXXXXXXXXXXXXXXXXXXXXXXXXXXXX
; XXXXXXXXXXXXXXXXXXXXXXXXXXXXXXXXXXXXXXXXXXXXXXXXXXXXXXXXXXXX
; XXXXXXXXXXXXXXXXXXXXXXXXXXXXXXXXXXXXXXXXXXXXXXXXXXXXXXXXXXXX
; XXXXXXXXXXXXXXXXXXXXXXXXXXXXXXXXXXXXXXXXXXXXXXXXXXXXXXXXXXXX
; XXXXXXXXXXXXXXXXXXXXXXXXXXXXXXXXXXXXXXXXXXXXXXXXXXXXXXXXXXXX
; XXXXXXXXXXXXXXXXXXXXXXXXXXXXXXXXXXXXXXXXXXXXXXXXXXXXXXXXXXXX
; XXXXXXXXXXXXXXXXXXXXXXXXXXXXXXXXXXXXXXXXXXXXXXXXXXXXXXXXXXXX
